
Running 1 test using 1 worker

[1A[2K[1/1] [chromium] ΓÇ║ Create_Package.test.js:9:5 ΓÇ║ Package Submission
[1A[2K[chromium] ΓÇ║ Create_Package.test.js:9:5 ΓÇ║ Package Submission
≡ƒù║∩╕Å Running test for state: DE (Delaware)

[1A[2KWB Login successful

[1A[2KΓÅ¡∩╕Å  "Use Suggested" button not present, skipping

[1A[2KΓ£à "Accept As-Is" button clicked

[1A[2KΓ£à "Client not listed" button clicked

[1A[2KΓ£à "Continue" button clicked

[1A[2KAccount creation completed

[1A[2KΓ£à Account Qualification Completed (81.31s)

[1A[2KAccount qualification completed

[1A[2K  1) [chromium] ΓÇ║ Create_Package.test.js:9:5 ΓÇ║ Package Submission ΓöÇΓöÇΓöÇΓöÇΓöÇΓöÇΓöÇΓöÇΓöÇΓöÇΓöÇΓöÇΓöÇΓöÇΓöÇΓöÇΓöÇΓöÇΓöÇΓöÇΓöÇΓöÇΓöÇΓöÇΓöÇΓöÇΓöÇΓöÇΓöÇΓöÇΓöÇΓöÇΓöÇΓöÇ

    Error: locator.click: Target page, context or browser has been closed
    Call log:
    [2m  - waiting for getByRole('button', { name: 'Save Building & Add Business' })[22m
    [2m    - waiting for" https://nautilusqa.donegalgroup.com/crystal.aspx?p=CLPropertyBuildingDetails.aspx&buildingid=20303&locationid=24129&buildingfixedid=20303&locationfixedid=24129&sid=802712ED8D5545DD9D7F5D4E462EFDB1" navigation to finish...[22m
    [2m    - navigated to "https://nautilusqa.donegalgroup.com/crystal.aspx?p=CLPropertyBuildingDetails.aspx&buildingid=20303&locationid=24129&buildingfixedid=20303&locationfixedid=24129&sid=802712ED8D5545DD9D7F5D4E462EFDB1"[22m


      334 |   await page.waitForLoadState('domcontentloaded');
      335 |   await page.waitForTimeout(2000);
    > 336 |   await page.getByRole('button', { name: 'Save Building & Add Business' }).click();
          |                                                                            ^
      337 |   await page.waitForLoadState('domcontentloaded');
      338 |   await page.waitForTimeout(2500);
      339 |
        at C:\Users\amitmish\Playwright Projects\WB BOP Standard workflow\Automation_Portal\Test-Automation-Portal\Create_Package.test.js:336:76

    attachment #1: video (video/webm) ΓöÇΓöÇΓöÇΓöÇΓöÇΓöÇΓöÇΓöÇΓöÇΓöÇΓöÇΓöÇΓöÇΓöÇΓöÇΓöÇΓöÇΓöÇΓöÇΓöÇΓöÇΓöÇΓöÇΓöÇΓöÇΓöÇΓöÇΓöÇΓöÇΓöÇΓöÇΓöÇΓöÇΓöÇΓöÇΓöÇΓöÇΓöÇΓöÇΓöÇΓöÇΓöÇΓöÇΓöÇΓöÇΓöÇΓöÇΓöÇΓöÇΓöÇΓöÇΓöÇΓöÇΓöÇΓöÇΓöÇΓöÇΓöÇΓöÇΓöÇΓöÇΓöÇ
    test-results\Create_Package-Package-Submission-chromium\video.webm
    ΓöÇΓöÇΓöÇΓöÇΓöÇΓöÇΓöÇΓöÇΓöÇΓöÇΓöÇΓöÇΓöÇΓöÇΓöÇΓöÇΓöÇΓöÇΓöÇΓöÇΓöÇΓöÇΓöÇΓöÇΓöÇΓöÇΓöÇΓöÇΓöÇΓöÇΓöÇΓöÇΓöÇΓöÇΓöÇΓöÇΓöÇΓöÇΓöÇΓöÇΓöÇΓöÇΓöÇΓöÇΓöÇΓöÇΓöÇΓöÇΓöÇΓöÇΓöÇΓöÇΓöÇΓöÇΓöÇΓöÇΓöÇΓöÇΓöÇΓöÇΓöÇΓöÇΓöÇΓöÇΓöÇΓöÇΓöÇΓöÇΓöÇΓöÇΓöÇΓöÇΓöÇΓöÇΓöÇΓöÇΓöÇΓöÇΓöÇΓöÇΓöÇΓöÇΓöÇΓöÇΓöÇΓöÇΓöÇΓöÇΓöÇΓöÇΓöÇΓöÇΓöÇΓöÇΓöÇΓöÇ


[1A[2K  1 failed
    [chromium] ΓÇ║ Create_Package.test.js:9:5 ΓÇ║ Package Submission ΓöÇΓöÇΓöÇΓöÇΓöÇΓöÇΓöÇΓöÇΓöÇΓöÇΓöÇΓöÇΓöÇΓöÇΓöÇΓöÇΓöÇΓöÇΓöÇΓöÇΓöÇΓöÇΓöÇΓöÇΓöÇΓöÇΓöÇΓöÇΓöÇΓöÇΓöÇΓöÇΓöÇΓöÇΓöÇ
